˙sǝᴉʇᴉlᴉqɐdɐɔ ʎɹɐʇᴉlᴉɯ s,uɐdɐſ uǝɥʇƃuǝɹʇs puɐ sʇɹoɟɟǝ ǝɔuǝɟǝp ǝʌᴉʇɔǝlloɔ ʇᴉɯɹǝd oʇ 6 ǝlɔᴉʇɹ∀ ɟo suoᴉʇɔᴉɹʇsǝɹ ǝɥʇ ƃuᴉɥsᴉloqɐ ɹo ƃuᴉsᴉʌǝɹ ɹǝɥʇᴉǝ ɹoɟ pǝllɐɔ ǝʌɐɥ sdnoɹƃ lɐɔᴉʇᴉlod snoᴉɹɐΛ ˙ㄣϛ6Ɩ ʎlnſ Ɩ ǝɔuᴉs ,sǝɔɹoℲ pǝɯɹ∀ ɹɐʍ-ǝɹd ǝɥʇ ɹoɟ ǝʇnʇᴉʇsqns ʇɐɥʇ ǝɔɹoɟ ʎɹɐʇᴉlᴉɯ ǝsǝuɐdɐſ ɹɐʍ-ʇsod oʇɔɐɟ ǝp ɐ ,(ℲDSſ) sǝɔɹoℲ ǝɔuǝɟǝD-ɟlǝS uɐdɐſ ǝɥʇ ɟo ʇuǝɯɥsᴉlqɐʇsǝ ǝɥʇ ƃuᴉʍolloɟ ʎlɹɐlnɔᴉʇɹɐd ,ʇuǝɯʇɔɐuǝ sʇᴉ ǝɔuᴉs uɐdɐſ uᴉ pǝʇɐqǝp uǝǝq sɐɥ 6 ǝlɔᴉʇɹ∀ ɟo ʇuǝʇxǝ lɐɔᴉʇɔɐɹd puɐ ʎʇᴉssǝɔǝu ǝɥ┴ ˙"pǝuᴉɐʇuᴉɐɯ ǝq ɹǝʌǝu llᴉʍ ,lɐᴉʇuǝʇod ɹɐʍ ɹǝɥʇo sɐ llǝʍ sɐ ,sǝɔɹoɟ ɹᴉɐ puɐ ,ɐǝs ,puɐl" ʇɐɥʇ sǝpᴉʌoɹd ǝlɔᴉʇɹɐ ǝɥʇ puǝ sᴉɥʇ o┴ ˙"sǝʇndsᴉp lɐuoᴉʇɐuɹǝʇuᴉ ƃuᴉlʇʇǝs ɟo suɐǝɯ sɐ ǝɔɹoɟ ɟo ǝsn ɹo ʇɐǝɹɥʇ ǝɥʇ puɐ uoᴉʇɐu ǝɥʇ ɟo ʇɥƃᴉɹ uƃᴉǝɹǝʌos ɐ sɐ ɹɐʍ ǝɔunouǝɹ ɹǝʌǝɹoɟ ǝldoǝd ǝsǝuɐdɐſ" ǝɥʇ ,6 ǝlɔᴉʇɹ∀ ɹǝpu∩


(Ɛ0Ɩ–00Ɩ sǝlɔᴉʇɹ∀) suoᴉsᴉʌoɹԀ ʎɹɐʇuǝɯǝlddnS ˙IX *
(66–ㄥ6 sǝlɔᴉʇɹ∀) ʍɐ˥ ǝɯǝɹdnS ˙X *
(96 ǝlɔᴉʇɹ∀) sʇuǝɯpuǝɯ∀ ˙XI *
(ϛ6–ᄅ6 sǝlɔᴉʇɹ∀) ʇuǝɯuɹǝʌoפ–ɟlǝS lɐɔo˥ ˙IIIΛ *
(Ɩ6–Ɛ8 sǝlɔᴉʇɹ∀) ǝɔuɐuᴉℲ ˙IIΛ *
(ᄅ8–9ㄥ sǝlɔᴉʇɹ∀) ʎɹɐᴉɔᴉpnſ ˙IΛ *
(ϛㄥ–ϛ9 sǝlɔᴉʇɹ∀) ʇǝuᴉqɐƆ ǝɥ┴ ˙Λ *
(ㄣ9–Ɩㄣ sǝlɔᴉʇɹ∀) ʇǝᴉD ǝɥ┴ ˙ΛI *
(0ㄣ–0Ɩ sǝlɔᴉʇɹ∀) ǝldoǝԀ ǝɥʇ ɟo sǝᴉʇnD puɐ sʇɥƃᴉR ˙III *
(6 ǝlɔᴉʇɹ∀) ɹɐM ɟo uoᴉʇɐᴉɔunuǝR ˙II *
(8–Ɩ sǝlɔᴉʇɹ∀) ɹoɹǝdɯƎ ǝɥ┴ ˙I *
:ǝɹɐ ǝsǝɥ┴ ˙sɹǝʇdɐɥɔ uǝʌǝlǝ oʇuᴉ pǝdnoɹƃ sǝlɔᴉʇɹɐ Ɛ0Ɩ puɐ ǝlqɯɐǝɹd ɐ ɟo sʇsᴉsuoɔ puɐ spɹoʍ 000,ϛ ʎlǝʇɐɯᴉxoɹddɐ ɟo ɥʇƃuǝl ɐ sɐɥ uoᴉʇnʇᴉʇsuoɔ ǝɥ┴
suoᴉʇɔǝS
˙sǝʌᴉʇɐʇuǝsǝɹdǝR ɟo ǝsnoH ǝɥʇ uᴉ ʇsɹᴉɟ ǝɔɐld ǝʞɐʇ ʇǝƃpnq ǝɥʇ uo suoᴉʇɐɹǝqᴉlǝD ˙ʇǝᴉD ǝɥʇ ɟo llᴉʍ ǝɥʇ sǝɯoɔǝq sǝʌᴉʇɐʇuǝsǝɹdǝR ɟo ǝsnoH ǝɥʇ ɟo uoᴉsᴉɔǝp ǝɥʇ ,lǝʌǝl ǝǝʇʇᴉɯɯoɔ ǝɔuǝɹǝɟuoɔ ʎɹɐʇuǝɯɐᴉlɹɐd-ɹǝʇuᴉ ǝɥʇ ʇɐ pǝʌlosǝɹ ǝq ʇouuɐɔ sǝɔuǝɹǝɟɟᴉp ǝsoɥʇ puɐ suoᴉsᴉɔǝp ʇuǝɹǝɟɟᴉp ɥɔɐǝɹ sǝᴉpoq oʍʇ ǝɥʇ ɟᴉ ,sᴉ ʇɐɥ┴ ˙ʎɔuɐpuǝɔsɐ sɐɥ sǝʌᴉʇɐʇuǝsǝɹdǝR ɟo ǝsnoH ǝɥʇ ,ɹǝʇsᴉuᴉɯ ǝɯᴉɹd ǝɥʇ ɟo uoᴉʇɐuƃᴉsǝp puɐ ,sǝᴉʇɐǝɹʇ ,ʇǝƃpnq ɟo sɹǝʇʇɐɯ uO ˙sǝsnoɥ oʍʇ ǝɥʇ ʎq ʇuǝɯǝǝɹƃɐ lɐnʇnɯ ɟo sʇsᴉsuoɔ ʎllɐᴉʇuǝssǝ ʇǝᴉD ǝɥʇ ɟo llᴉʍ ǝɥ┴ ˙ɹǝɥʇo ɥɔɐǝ ɟo ʇuǝpuǝdǝpuᴉ ǝɹɐ (ǝsnoɥ ɹǝʍol) sǝʌᴉʇɐʇuǝsǝɹdǝR ɟo ǝsnoH ǝɥʇ puɐ (ǝsnoɥ ɹǝddn) sɹollᴉɔunoƆ ɟo ǝsnoH ǝɥ┴
:sǝʌᴉʇɐʇuǝsǝɹdǝR ɟo ǝsnoH ǝɥʇ puɐ sɹollᴉɔunoƆ ɟo ǝsnoH ǝɥʇ uǝǝʍʇǝq dᴉɥsuoᴉʇɐlǝR


˙ʇǝuᴉqɐɔ ǝɥʇ ɟo ʇuǝsuoɔ puɐ ǝɔᴉʌpɐ ǝɥʇ uo pǝsɐq ɹoɹǝdɯǝ ǝɥʇ ʎq ʎllɐuᴉɯou ʇno pǝᴉɹɹɐɔ ǝɹɐ suoᴉʇɔɐ ɥɔns ɹǝɥʇo puɐ ,ǝsnoɥ ɹǝʍol ǝɥʇ ɟo ƃuᴉʌlossᴉp ,sʍɐl ɟo uoᴉʇɐƃlnɯoɹd ,ʇǝᴉD ǝɥʇ ɟo ƃuᴉuǝʌuoɔ ǝɥ┴ ˙ʇuǝɯuɹǝʌoƃ lɐuoᴉʇɐu ɟo sɹǝʇʇɐɯ ƃuᴉpɹɐƃǝɹ ɹǝʍod ou sɐɥ ɹoɹǝdɯǝ ǝɥ┴
:ɹoɹǝdɯƎ ǝɥʇ puɐ ʇǝᴉD ǝɥʇ uǝǝʍʇǝq dᴉɥsuoᴉʇɐlǝR


˙ɥɔuǝq ǝɥʇ ɯoɹɟ ǝƃpnɾ ɐ ǝʌoɯǝɹ oʇ sƃuᴉpǝǝɔoɹd ʇuǝɯɥɔɐǝdɯᴉ ǝʇɐᴉʇᴉuᴉ oʇ ɹǝʍod ǝɥʇ sɐɥ ʇǝᴉD ǝɥ┴ ˙ʇǝᴉD ǝɥʇ ʎq pǝʇɔɐuǝ sʍɐl ɟo ʎʇᴉlɐuoᴉʇnʇᴉʇsuoɔ ǝɥʇ ǝuᴉɯɹǝʇǝp oʇ ɹǝʍod ǝɥʇ sɐɥ ʎɹɐᴉɔᴉpnɾ ǝɥ┴
:ʎɹɐᴉɔᴉpnſ ǝɥʇ puɐ ʇǝᴉD ǝɥʇ uǝǝʍʇǝq dᴉɥsuoᴉʇɐlǝR


˙sǝʌᴉʇɐʇuǝsǝɹdǝR ɟo ǝsnoH ǝɥʇ ǝʌlossᴉp oʇ ɹǝʍod ǝɥʇ sɐɥ ʇǝuᴉqɐɔ ǝɥʇ ǝlᴉɥʍ ,ʇǝuᴉqɐɔ ǝɥʇ ɟo sɹǝqɯǝɯ ʇsuᴉɐƃɐ ǝɔuǝpᴉɟuoɔ ou ɟo uoᴉʇoɯ ɐ uo ǝʇoʌ puɐ ʇᴉɯqns oʇ ʇɥƃᴉɹ ǝɥʇ sɐɥ sǝʌᴉʇɐʇuǝsǝɹdǝR ɟo ǝsnoH ǝɥ┴ ˙sɹǝqɯǝɯ sʇᴉ ƃuoɯɐ ɯoɹɟ ɹǝʇsᴉuᴉɯ ǝɯᴉɹd ǝɥʇ sǝsooɥɔ ʇǝᴉD ǝɥ┴ ˙ʇǝᴉD ǝɥʇ ɟo sɹǝqɯǝɯ ǝq ʇsnɯ sɹǝʇsᴉuᴉɯ ʇǝuᴉqɐɔ ǝɥʇ ɟo ɟlɐɥ ʇsɐǝl ʇɐ puɐ ,ʇǝᴉD ǝɥʇ oʇ ǝlqᴉsuodsǝɹ ʎlǝʌᴉʇɔǝlloɔ sᴉ ʇǝuᴉqɐɔ ǝɥ┴
:ʇǝuᴉqɐƆ ǝɥʇ puɐ ʇǝᴉD ǝɥʇ uǝǝʍʇǝq dᴉɥsuoᴉʇɐlǝR


˙suǝzᴉʇᴉɔ ʎɹɐuᴉpɹo ɟo sɯopǝǝɹɟ puɐ sʇɥƃᴉɹ ǝɥʇ ǝǝʇuɐɹɐnƃ sdlǝɥ uɹnʇ uᴉ ɥɔᴉɥʍ ,sǝɔuɐlɐq puɐ sʞɔǝɥɔ ɥƃnoɹɥʇ ɹǝʍod ɟo uoᴉʇɐɹʇuǝɔuoɔ ǝnpun ʎuɐ ʇuǝʌǝɹd oʇ sᴉ ɯǝʇsʎs ʇɐɥʇ ɟo ɯᴉɐ ǝɥ┴ ˙ʎɹɐᴉɔᴉpnɾ ǝɥʇ oʇ sɹǝʍod lɐᴉɔᴉpnɾ puɐ ,ʇǝuᴉqɐɔ ǝɥʇ oʇ sɹǝʍod ǝʌᴉʇnɔǝxǝ ,ʇǝᴉD ǝɥʇ oʇ sɹǝʍod ǝʌᴉʇɐlsᴉƃǝl ƃuᴉʌᴉƃ --- sɹǝʍod ɟo uoᴉʇɐɹɐdǝs ʎɐʍ-ǝǝɹɥʇ ɐ sǝɹnʇɐǝɟ uɐdɐſ uᴉ ʇuǝɯuɹǝʌoƃ ɟo ɯǝʇsʎs ǝɥ┴
sǝɔuɐlɐB puɐ sʞɔǝɥƆ
˙ʍɐl ʎq ɹoɟ pǝpᴉʌoɹd sɐ ɹoɹǝdɯƎ ǝɥʇ ʎq pǝʇɐƃǝlǝp ǝq uɐɔ sǝᴉʇnp ǝsǝɥʇ ʇɐɥʇ sǝʇɐʇs oslɐ uoᴉʇnʇᴉʇsuoɔ ǝɥ┴ ˙uoᴉʇnʇᴉʇsuoɔ ǝɥʇ uᴉ pǝʇɐǝuᴉlǝp ǝʇɐʇs ɟo sɹǝʇʇɐɯ oʇ ǝloɹ s,ɹoɹǝdɯƎ ǝɥʇ sʇᴉɯᴉl ʎlʇᴉɔᴉldxǝ uoᴉʇnʇᴉʇsuoɔ ǝɥ┴  ˙ʎʇuƃᴉǝɹǝʌos ɟo uoᴉssǝssod ǝɥʇ ʇnoɥʇᴉʍ ǝloɹ lɐᴉuoɯǝɹǝɔ ʎlǝɹnd ɐ sǝsᴉɔɹǝxǝ puɐ "ǝldoǝd ǝɥʇ ɟo ʎʇᴉun ǝɥʇ ɟo puɐ ǝʇɐʇS ǝɥʇ ɟo loqɯʎs ǝɥʇ" sᴉ uɐdɐſ ɟo ɹoɹǝdɯƎ ǝɥʇ ,sɯɹǝʇ sʇᴉ ɹǝpu∩ ˙sʇɥƃᴉɹ lɐʇuǝɯɐpunɟ uᴉɐʇɹǝɔ sǝǝʇuɐɹɐnƃ puɐ ʇuǝɯuɹǝʌoƃ ɟo ɯǝʇsʎs ʎɹɐʇuǝɯɐᴉlɹɐd ɐ ɹoɟ sǝpᴉʌoɹd uoᴉʇnʇᴉʇsuoɔ ǝɥ┴
uoᴉʇnʇᴉʇsuI lɐᴉɹǝdɯI ǝɥ┴
ƃuᴉpɐǝR :uoᴉʇnʇᴉʇsuoƆ ǝɥ┴ ㄣ˙Ɩ ˥∀IƆOS﻿